mkapoor@mkapoor-ltp MINGW64 /d
$ mkdir newfolder21jna

mkapoor@mkapoor-ltp MINGW64 /d
$ cd newfolder21jna/

mkapoor@mkapoor-ltp MINGW64 /d/newfolder21jna
$ git init
Initialized empty Git repository in D:/newfolder21jna/.git/

mkapoor@mkapoor-ltp MINGW64 /d/newfolder21jna (master)
$ touch new.txt

mkapoor@mkapoor-ltp MINGW64 /d/newfolder21jna (master)
$ touch hello.c

mkapoor@mkapoor-ltp MINGW64 /d/newfolder21jna (master)
$ touch var.log

mkapoor@mkapoor-ltp MINGW64 /d/newfolder21jna (master)
$ mkdir subfolder

mkapoor@mkapoor-ltp MINGW64 /d/newfolder21jna (master)
$ ls -ah
./  ../  .git/  hello.c  new.txt  subfolder/  var.log

mkapoor@mkapoor-ltp MINGW64 /d/newfolder21jna (master)
$ touch new1.txt

mkapoor@mkapoor-ltp MINGW64 /d/newfolder21jna (master)
$ vi hello.c
i
mkapoor@mkapoor-ltp MINGW64 /d/newfolder21jna (master)
$ vi new.txt

mkapoor@mkapoor-ltp MINGW64 /d/newfolder21jna (master)
$ vi var.log

mkapoor@mkapoor-ltp MINGW64 /d/newfolder21jna (master)
$ cd subfolder/

mkapoor@mkapoor-ltp MINGW64 /d/newfolder21jna/subfolder (master)
$ vi sub.txt

mkapoor@mkapoor-ltp MINGW64 /d/newfolder21jna/subfolder (master)
$ cd ..

mkapoor@mkapoor-ltp MINGW64 /d/newfolder21jna (master)
$ vi gitignore

mkapoor@mkapoor-ltp MINGW64 /d/newfolder21jna (master)
$ rm gitignore

mkapoor@mkapoor-ltp MINGW64 /d/newfolder21jna (master)
$ ls -ah
./  ../  .git/  hello.c  new.txt  new1.txt  subfolder/  var.log

mkapoor@mkapoor-ltp MINGW64 /d/newfolder21jna (master)
$ vi .gitignore

mkapoor@mkapoor-ltp MINGW64 /d/newfolder21jna (master)
$ vi .gitignore

mkapoor@mkapoor-ltp MINGW64 /d/newfolder21jna (master)
$ git status
On branch master

No commits yet

Untracked files:
  (use "git add <file>..." to include in what will be committed)

        .gitignore
        hello.c
        new.txt
        var.log

nothing added to commit but untracked files present (use "git add" to track)

mkapoor@mkapoor-ltp MINGW64 /d/newfolder21jna (master)
$ git add .
warning: LF will be replaced by CRLF in .gitignore.
The file will have its original line endings in your working directory
warning: LF will be replaced by CRLF in hello.c.
The file will have its original line endings in your working directory
warning: LF will be replaced by CRLF in new.txt.
The file will have its original line endings in your working directory
warning: LF will be replaced by CRLF in var.log.
The file will have its original line endings in your working directory

mkapoor@mkapoor-ltp MINGW64 /d/newfolder21jna (master)
$ git commit -m "committing"
[master (root-commit) 8a42687] committing
 4 files changed, 6 insertions(+)
 create mode 100644 .gitignore
 create mode 100644 hello.c
 create mode 100644 new.txt
 create mode 100644 var.log

mkapoor@mkapoor-ltp MINGW64 /d/newfolder21jna (master)
$ git add remote origin https://github.com/MonitK/newfolder21jan.git
fatal: pathspec 'remote' did not match any files

mkapoor@mkapoor-ltp MINGW64 /d/newfolder21jna (master)
$ git remote add origin https://github.com/MonitK/newfolder21jan.git

mkapoor@mkapoor-ltp MINGW64 /d/newfolder21jna (master)
$ git push -u origin master
Enumerating objects: 6, done.
Counting objects: 100% (6/6), done.
Delta compression using up to 4 threads
Compressing objects: 100% (2/2), done.
Writing objects: 100% (6/6), 390 bytes | 195.00 KiB/s, done.
Total 6 (delta 0), reused 0 (delta 0)
To https://github.com/MonitK/newfolder21jan.git
 * [new branch]      master -> master
Branch 'master' set up to track remote branch 'master' from 'origin'.

mkapoor@mkapoor-ltp MINGW64 /d/newfolder21jna (master)
$ ls -ah
./  ../  .git/  .gitignore  hello.c  new.txt  new1.txt  subfolder/  var.log

mkapoor@mkapoor-ltp MINGW64 /d/newfolder21jna (master)
$ cd subfolder/

mkapoor@mkapoor-ltp MINGW64 /d/newfolder21jna/subfolder (master)
$ ls
sub.txt

mkapoor@mkapoor-ltp MINGW64 /d/newfolder21jna/subfolder (master)
$ vi .gitignore

mkapoor@mkapoor-ltp MINGW64 /d/newfolder21jna/subfolder (master)
$ cd ..

mkapoor@mkapoor-ltp MINGW64 /d/newfolder21jna (master)
$ git status
On branch master
Your branch is up to date with 'origin/master'.

Untracked files:
  (use "git add <file>..." to include in what will be committed)

        subfolder/

nothing added to commit but untracked files present (use "git add" to track)

mkapoor@mkapoor-ltp MINGW64 /d/newfolder21jna (master)
$ git push
Everything up-to-date

mkapoor@mkapoor-ltp MINGW64 /d/newfolder21jna (master)
$ git status
On branch master
Your branch is up to date with 'origin/master'.

Untracked files:
  (use "git add <file>..." to include in what will be committed)

        subfolder/

nothing added to commit but untracked files present (use "git add" to track)

mkapoor@mkapoor-ltp MINGW64 /d/newfolder21jna (master)
$ git add .
warning: LF will be replaced by CRLF in subfolder/.gitignore.
The file will have its original line endings in your working directory
warning: LF will be replaced by CRLF in subfolder/sub.txt.
The file will have its original line endings in your working directory

mkapoor@mkapoor-ltp MINGW64 /d/newfolder21jna (master)
$ git push
Everything up-to-date

mkapoor@mkapoor-ltp MINGW64 /d/newfolder21jna (master)
$ cd subfolder/

mkapoor@mkapoor-ltp MINGW64 /d/newfolder21jna/subfolder (master)
$ git status
On branch master
Your branch is up to date with 'origin/master'.

Changes to be committed:
  (use "git reset HEAD <file>..." to unstage)

        new file:   .gitignore
        new file:   sub.txt


mkapoor@mkapoor-ltp MINGW64 /d/newfolder21jna/subfolder (master)
$ git commit -m "2nd"
[master d7db8db] 2nd
 2 files changed, 2 insertions(+)
 create mode 100644 subfolder/.gitignore
 create mode 100644 subfolder/sub.txt

mkapoor@mkapoor-ltp MINGW64 /d/newfolder21jna/subfolder (master)
$ git push
Enumerating objects: 6, done.
Counting objects: 100% (6/6), done.
Delta compression using up to 4 threads
Compressing objects: 100% (3/3), done.
Writing objects: 100% (5/5), 378 bytes | 189.00 KiB/s, done.
Total 5 (delta 1), reused 0 (delta 0)
remote: Resolving deltas: 100% (1/1), completed with 1 local object.
To https://github.com/MonitK/newfolder21jan.git
   8a42687..d7db8db  master -> master

